
Allocating common symbols
Common symbol       size              file

exti_irq_handle     0x80              1c102_Interrupt.o
STS                 0x1               ls1c102_i2c.o
_rand_next          0x4               ls1x_printf.o
SystemFreq          0x4               ls1x_clock.o
Flash_pe            0x1               ls1x_flash.o

Discarded input sections

 .text          0x0000000000000000       0x14 start.o
 .data          0x0000000000000000        0x0 start.o
 .bss           0x0000000000000000        0x0 start.o
 .text          0x0000000000000000       0xbc serial.o
 .data          0x0000000000000000        0x0 serial.o
 .bss           0x0000000000000000        0x0 serial.o
 .rodata        0x0000000000000000       0x1a serial.o
 .text          0x0000000000000000      0x148 wakeup.o
 .data          0x0000000000000000        0x0 wakeup.o
 .bss           0x0000000000000000        0x0 wakeup.o
 .text          0x0000000000000000        0x0 UserGpio.o
 .data          0x0000000000000000        0x0 UserGpio.o
 .bss           0x0000000000000000        0x0 UserGpio.o
 .text.GPIOInit
                0x0000000000000000       0x98 UserGpio.o
 .comment       0x0000000000000000       0x12 UserGpio.o
 .eh_frame      0x0000000000000000       0x3c UserGpio.o
 .text          0x0000000000000000        0x0 ls1x_gpio.o
 .data          0x0000000000000000        0x0 ls1x_gpio.o
 .bss           0x0000000000000000        0x0 ls1x_gpio.o
 .text.AFIO_RemapConfig
                0x0000000000000000       0xcc ls1x_gpio.o
 .comment       0x0000000000000000       0x12 ls1x_gpio.o
 .eh_frame      0x0000000000000000       0x38 ls1x_gpio.o
 .text          0x0000000000000000        0x0 ls1x_spi.o
 .data          0x0000000000000000        0x0 ls1x_spi.o
 .bss           0x0000000000000000        0x0 ls1x_spi.o
 .rodata        0x0000000000000000       0x42 ls1x_spi.o
 .text.Spi_FreqDiv
                0x0000000000000000      0x140 ls1x_spi.o
 .text.Spi_Init
                0x0000000000000000       0x70 ls1x_spi.o
 .text.Spi_Write_Read_1to4
                0x0000000000000000       0xf0 ls1x_spi.o
 .text.Spi_Write_Read_N
                0x0000000000000000      0x124 ls1x_spi.o
 .text.Spi_Cs_Down
                0x0000000000000000       0x58 ls1x_spi.o
 .text.Spi_Cs_Up
                0x0000000000000000       0x54 ls1x_spi.o
 .text.Spi_Send
                0x0000000000000000       0x40 ls1x_spi.o
 .text.Spiflash_Rdsr
                0x0000000000000000       0x4c ls1x_spi.o
 .text.Spiflash_Wait_Wip_Zero
                0x0000000000000000       0x38 ls1x_spi.o
 .text.Spiflash_Wren
                0x0000000000000000       0x4c ls1x_spi.o
 .text.Spiflash_Wrsr
                0x0000000000000000       0x5c ls1x_spi.o
 .text.Spiflash_Rdsr2
                0x0000000000000000       0x4c ls1x_spi.o
 .text.Spiflash_Rdsr3
                0x0000000000000000       0x4c ls1x_spi.o
 .text.Spiflash_Rdid
                0x0000000000000000       0x68 ls1x_spi.o
 .text.Spiflash_Sector_Erase
                0x0000000000000000       0x90 ls1x_spi.o
 .text.Spiflash_Block64k_Erase
                0x0000000000000000       0x90 ls1x_spi.o
 .text.Spiflash_Page_Program
                0x0000000000000000       0xa4 ls1x_spi.o
 .text.Spiflash_Read_Bytes
                0x0000000000000000       0x9c ls1x_spi.o
 .text.SPI_TransByte
                0x0000000000000000       0xe8 ls1x_spi.o
 .text.SpiFlashCsn0Enable
                0x0000000000000000       0x28 ls1x_spi.o
 .text.SpiFlashCsn0Disable
                0x0000000000000000       0x28 ls1x_spi.o
 .comment       0x0000000000000000       0x12 ls1x_spi.o
 .eh_frame      0x0000000000000000      0x320 ls1x_spi.o
 .text          0x0000000000000000        0x0 ls1x_printf.o
 .data          0x0000000000000000        0x0 ls1x_printf.o
 .bss           0x0000000000000000        0x0 ls1x_printf.o
 .rodata        0x0000000000000000        0x7 ls1x_printf.o
 .text.printBuf
                0x0000000000000000       0x78 ls1x_printf.o
 .text.mygetchar
                0x0000000000000000       0x38 ls1x_printf.o
 .text.vsputs   0x0000000000000000       0x54 ls1x_printf.o
 .text.vsputchar
                0x0000000000000000       0x44 ls1x_printf.o
 .text.vsprintbase
                0x0000000000000000      0x17c ls1x_printf.o
 .text.vsprintf
                0x0000000000000000      0x3d8 ls1x_printf.o
 .rodata.vsprintf
                0x0000000000000000      0x150 ls1x_printf.o
 .text.sprintf  0x0000000000000000       0x6c ls1x_printf.o
 .text.rand     0x0000000000000000       0x5c ls1x_printf.o
 .eh_frame      0x0000000000000000      0x1dc ls1x_printf.o
 COMMON         0x0000000000000000        0x4 ls1x_printf.o
 .text          0x0000000000000000        0x0 ls1x_uart.o
 .data          0x0000000000000000        0x0 ls1x_uart.o
 .bss           0x0000000000000000        0x0 ls1x_uart.o
 .text.UART_Init
                0x0000000000000000      0x1f0 ls1x_uart.o
 .text.Uart_init
                0x0000000000000000       0xb0 ls1x_uart.o
 .text.UART_StructInit
                0x0000000000000000       0x7c ls1x_uart.o
 .text.UART_ITConfig
                0x0000000000000000       0x88 ls1x_uart.o
 .text.UART_ReceiveData
                0x0000000000000000       0x4c ls1x_uart.o
 .text.UART_GetFlagStatus
                0x0000000000000000       0x64 ls1x_uart.o
 .text.UART_GetITStatus
                0x0000000000000000       0x60 ls1x_uart.o
 .text.UART_ClearITPendingBit
                0x0000000000000000       0xa0 ls1x_uart.o
 .text.x_getchar
                0x0000000000000000       0x2c ls1x_uart.o
 .rodata        0x0000000000000000       0x10 ls1x_uart.o
 .text.UartInit
                0x0000000000000000       0x7c ls1x_uart.o
 .text.Uart0_init_buad
                0x0000000000000000       0x84 ls1x_uart.o
 .text.Uart1_init
                0x0000000000000000       0x68 ls1x_uart.o
 .eh_frame      0x0000000000000000      0x1e8 ls1x_uart.o
 .text          0x0000000000000000        0x0 ls1x_clock.o
 .data          0x0000000000000000        0x0 ls1x_clock.o
 .bss           0x0000000000000000        0x0 ls1x_clock.o
 .text.CLOCK_IramToDramEn
                0x0000000000000000       0x38 ls1x_clock.o
 .text.CLOCK_WaitForHSEStartUp
                0x0000000000000000       0x70 ls1x_clock.o
 .text.CLOCK_WaitForLSEStartUp
                0x0000000000000000       0x50 ls1x_clock.o
 .text.CLOCK_HSEConfig
                0x0000000000000000       0x98 ls1x_clock.o
 .text.CLOCK_LSEConfig
                0x0000000000000000       0x78 ls1x_clock.o
 .text.CLOCK_StructInit
                0x0000000000000000       0x5c ls1x_clock.o
 .text.CLOCK_Init
                0x0000000000000000      0x23c ls1x_clock.o
 .text.CLOCK_GetFlagStatus
                0x0000000000000000       0x3c ls1x_clock.o
 .text.CLOCK_GetClocksFreq
                0x0000000000000000       0x6c ls1x_clock.o
 .text.SystemClockInit
                0x0000000000000000       0x98 ls1x_clock.o
 .comment       0x0000000000000000       0x12 ls1x_clock.o
 .eh_frame      0x0000000000000000      0x184 ls1x_clock.o
 COMMON         0x0000000000000000        0x4 ls1x_clock.o
 .text          0x0000000000000000        0x0 ls1x_common.o
 .data          0x0000000000000000        0x0 ls1x_common.o
 .bss           0x0000000000000000        0x0 ls1x_common.o
 .text.IsGlobalIntOpen
                0x0000000000000000       0x38 ls1x_common.o
 .text.DisableInt
                0x0000000000000000       0x24 ls1x_common.o
 .text.Set_soft_int
                0x0000000000000000       0x24 ls1x_common.o
 .text.Set_soft_stop
                0x0000000000000000       0x24 ls1x_common.o
 .text.Set_Timer_Init
                0x0000000000000000       0x30 ls1x_common.o
 .text.Wake_Set
                0x0000000000000000       0xac ls1x_common.o
 .text.Wake_256sec_Set
                0x0000000000000000       0xa8 ls1x_common.o
 .eh_frame      0x0000000000000000      0x15c ls1x_common.o
 .text          0x0000000000000000        0x0 ls1x_pmu.o
 .data          0x0000000000000000        0x0 ls1x_pmu.o
 .bss           0x0000000000000000        0x0 ls1x_pmu.o
 .text.PMU_GetRstRrc
                0x0000000000000000       0x6c ls1x_pmu.o
 .text.PMU_GetBootSpiStatus
                0x0000000000000000       0x50 ls1x_pmu.o
 .comment       0x0000000000000000       0x12 ls1x_pmu.o
 .eh_frame      0x0000000000000000       0x58 ls1x_pmu.o
 .text          0x0000000000000000        0x0 ls1x_logo.o
 .data          0x0000000000000000        0x0 ls1x_logo.o
 .bss           0x0000000000000000        0x0 ls1x_logo.o
 .rodata        0x0000000000000000      0x387 ls1x_logo.o
 .text.ls1x_logo
                0x0000000000000000       0x9c ls1x_logo.o
 .comment       0x0000000000000000       0x12 ls1x_logo.o
 .eh_frame      0x0000000000000000       0x3c ls1x_logo.o
 .text          0x0000000000000000        0x0 ls1x_latimer.o
 .data          0x0000000000000000        0x0 ls1x_latimer.o
 .bss           0x0000000000000000        0x0 ls1x_latimer.o
 .text.get_count
                0x0000000000000000       0x2c ls1x_latimer.o
 .text.open_count
                0x0000000000000000       0x24 ls1x_latimer.o
 .text.close_count
                0x0000000000000000       0x24 ls1x_latimer.o
 .text.start_count
                0x0000000000000000       0x48 ls1x_latimer.o
 .text.stop_count
                0x0000000000000000       0x88 ls1x_latimer.o
 .text.delay_cycle
                0x0000000000000000       0x68 ls1x_latimer.o
 .text.delay_us
                0x0000000000000000       0x38 ls1x_latimer.o
 .text.delay_ms
                0x0000000000000000       0x40 ls1x_latimer.o
 .text.delay_s  0x0000000000000000       0x3c ls1x_latimer.o
 .text.SetTime  0x0000000000000000       0x54 ls1x_latimer.o
 .text.CompareTime
                0x0000000000000000       0x50 ls1x_latimer.o
 .comment       0x0000000000000000       0x12 ls1x_latimer.o
 .eh_frame      0x0000000000000000      0x19c ls1x_latimer.o
 .text          0x0000000000000000        0x0 ls1x_string.o
 .data          0x0000000000000000        0x0 ls1x_string.o
 .bss           0x0000000000000000        0x0 ls1x_string.o
 .text.memcmp   0x0000000000000000       0x88 ls1x_string.o
 .text.memcpy   0x0000000000000000       0x70 ls1x_string.o
 .text.memset   0x0000000000000000       0x60 ls1x_string.o
 .text.strstr   0x0000000000000000       0xe0 ls1x_string.o
 .text.pstrstr  0x0000000000000000       0xc8 ls1x_string.o
 .text.strchr   0x0000000000000000       0x80 ls1x_string.o
 .text.atoi     0x0000000000000000       0xe4 ls1x_string.o
 .text.itoa     0x0000000000000000      0x17c ls1x_string.o
 .text.strcat   0x0000000000000000       0xa0 ls1x_string.o
 .text.strcmp   0x0000000000000000       0x84 ls1x_string.o
 .text.strcpy   0x0000000000000000       0x5c ls1x_string.o
 .text.strlen   0x0000000000000000       0x4c ls1x_string.o
 .text.isContained
                0x0000000000000000       0x78 ls1x_string.o
 .text.strtok_r
                0x0000000000000000      0x1d4 ls1x_string.o
 .rodata        0x0000000000000000        0x5 ls1x_string.o
 .text.hex_to_str
                0x0000000000000000       0x8c ls1x_string.o
 .text.str_to_hex
                0x0000000000000000       0xf4 ls1x_string.o
 .text.atohex   0x0000000000000000      0x164 ls1x_string.o
 .comment       0x0000000000000000       0x12 ls1x_string.o
 .eh_frame      0x0000000000000000      0x280 ls1x_string.o
 .text          0x0000000000000000        0x0 ls1x_flash.o
 .data          0x0000000000000000        0x0 ls1x_flash.o
 .bss           0x0000000000000000        0x0 ls1x_flash.o
 .text.FLASH_ErasePage
                0x0000000000000000       0x58 ls1x_flash.o
 .text.FLASH_EraseUserFlash
                0x0000000000000000       0x9c ls1x_flash.o
 .text.FLASH_ReadPage
                0x0000000000000000       0xa4 ls1x_flash.o
 .text.FLASH_WitePage
                0x0000000000000000      0x494 ls1x_flash.o
 .text.FLASH_WaitForPeEnd
                0x0000000000000000       0x80 ls1x_flash.o
 .text.FLASH_GetStatus
                0x0000000000000000       0x34 ls1x_flash.o
 .text.FLASH_GetFlagStatus
                0x0000000000000000       0x4c ls1x_flash.o
 .text.FLASH_ITConfig
                0x0000000000000000       0x64 ls1x_flash.o
 .text.FLASH_ITCmd
                0x0000000000000000       0x68 ls1x_flash.o
 .text.FLASH_ClearIT
                0x0000000000000000       0x50 ls1x_flash.o
 .text.FLASH_WiteTest
                0x0000000000000000       0xac ls1x_flash.o
 .rodata        0x0000000000000000        0xa ls1x_flash.o
 .text.FLASH_ReadTest
                0x0000000000000000       0xc0 ls1x_flash.o
 .comment       0x0000000000000000       0x12 ls1x_flash.o
 .eh_frame      0x0000000000000000      0x1cc ls1x_flash.o
 COMMON         0x0000000000000000        0x1 ls1x_flash.o
 .text          0x0000000000000000        0x0 ls1x_rtc.o
 .data          0x0000000000000000        0x0 ls1x_rtc.o
 .bss           0x0000000000000000        0x0 ls1x_rtc.o
 .text.Rtc_Read
                0x0000000000000000       0xec ls1x_rtc.o
 .text.Rtc_Write
                0x0000000000000000      0x16c ls1x_rtc.o
 .text.RtcUpdateData
                0x0000000000000000       0x4c ls1x_rtc.o
 .comment       0x0000000000000000       0x12 ls1x_rtc.o
 .eh_frame      0x0000000000000000       0x80 ls1x_rtc.o
 .text          0x0000000000000000        0x0 soc_gpio.o
 .data          0x0000000000000000        0x0 soc_gpio.o
 .bss           0x0000000000000000        0x0 soc_gpio.o
 .text.gpio_read
                0x0000000000000000       0xac soc_gpio.o
 .eh_frame      0x0000000000000000       0x80 soc_gpio.o
 .text          0x0000000000000000        0x0 ls1x_exti.o
 .data          0x0000000000000000        0x0 ls1x_exti.o
 .bss           0x0000000000000000        0x0 ls1x_exti.o
 .text.EXTI_DeInit
                0x0000000000000000       0x40 ls1x_exti.o
 .text.EXTI_Init
                0x0000000000000000      0x190 ls1x_exti.o
 .text.EXTI_StructInit
                0x0000000000000000       0x48 ls1x_exti.o
 .text.EXTI_GetFlagStatus
                0x0000000000000000       0x50 ls1x_exti.o
 .text.EXTI_ClearFlag
                0x0000000000000000       0x3c ls1x_exti.o
 .text.EXTI_GetITStatus
                0x0000000000000000       0x70 ls1x_exti.o
 .eh_frame      0x0000000000000000       0xfc ls1x_exti.o
 .text          0x0000000000000000        0x0 ls1x_wdg.o
 .data          0x0000000000000000        0x0 ls1x_wdg.o
 .bss           0x0000000000000000        0x0 ls1x_wdg.o
 .text.WDG_SetWatchDog
                0x0000000000000000       0x4c ls1x_wdg.o
 .text.WdgInit  0x0000000000000000       0x30 ls1x_wdg.o
 .eh_frame      0x0000000000000000       0x78 ls1x_wdg.o
 .text          0x0000000000000000        0x0 ls1c102_vpwm.o
 .data          0x0000000000000000        0x0 ls1c102_vpwm.o
 .bss           0x0000000000000000        0x0 ls1c102_vpwm.o
 .text.vpwm_init_dma_bd
                0x0000000000000000       0x94 ls1c102_vpwm.o
 .text.vpwm_init_dma_bell
                0x0000000000000000       0xd0 ls1c102_vpwm.o
 .text.vpwm_init_dma_tips
                0x0000000000000000       0x94 ls1c102_vpwm.o
 .text.dma_reset
                0x0000000000000000       0x5c ls1c102_vpwm.o
 .text.dma_start
                0x0000000000000000       0xb0 ls1c102_vpwm.o
 .comment       0x0000000000000000       0x12 ls1c102_vpwm.o
 .eh_frame      0x0000000000000000       0xc8 ls1c102_vpwm.o
 .text          0x0000000000000000        0x0 ls1c102_i2c.o
 .data          0x0000000000000000        0x0 ls1c102_i2c.o
 .bss           0x0000000000000000        0x0 ls1c102_i2c.o
 .text.I2C_Init
                0x0000000000000000      0x104 ls1c102_i2c.o
 .text.I2C_StructInit
                0x0000000000000000       0x5c ls1c102_i2c.o
 .text.I2C_ITConfig
                0x0000000000000000       0x6c ls1c102_i2c.o
 .text.I2C_ITCmd
                0x0000000000000000       0x90 ls1c102_i2c.o
 .text.I2C_GenerateSTART
                0x0000000000000000       0x6c ls1c102_i2c.o
 .text.I2C_GenerateSTOP
                0x0000000000000000       0x6c ls1c102_i2c.o
 .text.I2C_AcknowledgeConfig
                0x0000000000000000       0x6c ls1c102_i2c.o
 .text.I2C_SendData
                0x0000000000000000       0x50 ls1c102_i2c.o
 .text.I2C_ReceiveData
                0x0000000000000000       0x60 ls1c102_i2c.o
 .rodata        0x0000000000000000       0xaf ls1c102_i2c.o
 .text.I2C_Send7bitAddress
                0x0000000000000000       0xac ls1c102_i2c.o
 .text.I2C_ReadRegister
                0x0000000000000000       0x50 ls1c102_i2c.o
 .text.I2C_ClearFlag
                0x0000000000000000       0x48 ls1c102_i2c.o
 .text.I2C_GetStatus
                0x0000000000000000       0x5c ls1c102_i2c.o
 .text.I2C_ClearIT
                0x0000000000000000       0x50 ls1c102_i2c.o
 .text.I2C_wait
                0x0000000000000000       0x48 ls1c102_i2c.o
 .text.I2C_BUSY
                0x0000000000000000       0x48 ls1c102_i2c.o
 .text.I2C_Unlock
                0x0000000000000000       0x54 ls1c102_i2c.o
 .text.CAT24_Write
                0x0000000000000000      0x15c ls1c102_i2c.o
 .text.CAT24_Read
                0x0000000000000000      0x160 ls1c102_i2c.o
 .text.CAT24_Write_Int
                0x0000000000000000      0x140 ls1c102_i2c.o
 .text.CAT24_Read_Int
                0x0000000000000000      0x16c ls1c102_i2c.o
 .comment       0x0000000000000000       0x12 ls1c102_i2c.o
 .eh_frame      0x0000000000000000      0x310 ls1c102_i2c.o
 COMMON         0x0000000000000000        0x1 ls1c102_i2c.o
 .text          0x0000000000000000        0x0 GUI.o
 .data          0x0000000000000000        0x0 GUI.o
 .bss           0x0000000000000000        0x0 GUI.o
 .rodata.asc16  0x0000000000000000      0x5f1 GUI.o
 .rodata.sz32   0x0000000000000000      0x781 GUI.o
 .rodata.hz16   0x0000000000000000      0x7b4 GUI.o
 .rodata.hz24   0x0000000000000000      0x57e GUI.o
 .text.LCD_BGR2RGB
                0x0000000000000000       0x80 GUI.o
 .text.Gui_Circle
                0x0000000000000000      0x428 GUI.o
 .text.Gui_DrawLine
                0x0000000000000000      0x240 GUI.o
 .text.Gui_box  0x0000000000000000      0x1f0 GUI.o
 .text.Gui_box2
                0x0000000000000000      0x40c GUI.o
 .text.DisplayButtonDown
                0x0000000000000000      0x188 GUI.o
 .text.DisplayButtonUp
                0x0000000000000000      0x188 GUI.o
 .text.Gui_DrawFont_GBK16
                0x0000000000000000      0x478 GUI.o
 .text.Gui_DrawFont_GBK24
                0x0000000000000000      0x554 GUI.o
 .text.Gui_DrawFont_Num32
                0x0000000000000000      0x1c0 GUI.o
 .comment       0x0000000000000000       0x12 GUI.o
 .eh_frame      0x0000000000000000      0x1a0 GUI.o
 .text          0x0000000000000000        0x0 ls1c102_touch.o
 .data          0x0000000000000000        0x0 ls1c102_touch.o
 .bss           0x0000000000000000        0x0 ls1c102_touch.o
 .text.Touch_CountBaseInit
                0x0000000000000000       0x90 ls1c102_touch.o
 .text.Touch_PerformInit
                0x0000000000000000       0x88 ls1c102_touch.o
 .text.Touch_ControlConfig
                0x0000000000000000       0xc8 ls1c102_touch.o
 .text.TOUCH_Cmd
                0x0000000000000000       0x68 ls1c102_touch.o
 .text.TOUCH_GetBaseVal
                0x0000000000000000       0x4c ls1c102_touch.o
 .text.TOUCH_GetCountValue
                0x0000000000000000       0x4c ls1c102_touch.o
 .text.TOUCH_EnablePollScan
                0x0000000000000000       0x30 ls1c102_touch.o
 .text.TOUCH_disablePollScan
                0x0000000000000000       0x34 ls1c102_touch.o
 .text.TOUCH_EnableSingleScan
                0x0000000000000000       0x30 ls1c102_touch.o
 .text.TOUCH_SetDownTh
                0x0000000000000000       0x7c ls1c102_touch.o
 .text.TOUCH_SetBaseVal
                0x0000000000000000       0x7c ls1c102_touch.o
 .text.TOUCH_SetChnAttr
                0x0000000000000000       0x7c ls1c102_touch.o
 .text.TOUCH_SetAllChnAttr
                0x0000000000000000       0x64 ls1c102_touch.o
 .text.TOUCH_Init
                0x0000000000000000       0xfc ls1c102_touch.o
 .rodata        0x0000000000000000       0xa2 ls1c102_touch.o
 .text.Printf_KeyChannel
                0x0000000000000000       0x7c ls1c102_touch.o
 .text.Printf_KeyType
                0x0000000000000000       0x8c ls1c102_touch.o
 .text.Printf_KeyVal
                0x0000000000000000      0x268 ls1c102_touch.o
 .text.Printf_CountVal
                0x0000000000000000       0xec ls1c102_touch.o
 .comment       0x0000000000000000       0x12 ls1c102_touch.o
 .eh_frame      0x0000000000000000      0x2a0 ls1c102_touch.o
 .text          0x0000000000000000        0x0 ls1c102_ptimer.o
 .data          0x0000000000000000        0x0 ls1c102_ptimer.o
 .bss           0x0000000000000000        0x0 ls1c102_ptimer.o
 .text.TIM_Init
                0x0000000000000000       0xd8 ls1c102_ptimer.o
 .text.TIM_StructInit
                0x0000000000000000       0x7c ls1c102_ptimer.o
 .text.TIM_Cmd  0x0000000000000000       0x54 ls1c102_ptimer.o
 .text.TIM_ITConfig
                0x0000000000000000       0x90 ls1c102_ptimer.o
 .text.TIM_GetCounter
                0x0000000000000000       0x34 ls1c102_ptimer.o
 .text.TIM_SetCounter
                0x0000000000000000       0x30 ls1c102_ptimer.o
 .text.TIM_SetCompare
                0x0000000000000000       0x30 ls1c102_ptimer.o
 .text.TIM_GetCompare
                0x0000000000000000       0x34 ls1c102_ptimer.o
 .eh_frame      0x0000000000000000      0x168 ls1c102_ptimer.o
 .text          0x0000000000000000        0x0 QDTFT_demo.o
 .data          0x0000000000000000        0x0 QDTFT_demo.o
 .bss           0x0000000000000000        0x0 QDTFT_demo.o
 .data.Num      0x0000000000000000        0xa QDTFT_demo.o
 .rodata        0x0000000000000000       0xa7 QDTFT_demo.o
 .text.Redraw_Mainmenu
                0x0000000000000000      0x148 QDTFT_demo.o
 .text.Num_Test
                0x0000000000000000      0x174 QDTFT_demo.o
 .text.Font_Test
                0x0000000000000000      0x168 QDTFT_demo.o
 .text.Color_Test
                0x0000000000000000       0xcc QDTFT_demo.o
 .text.showimage
                0x0000000000000000      0x168 QDTFT_demo.o
 .text.QDTFT_Test_Demo
                0x0000000000000000       0x80 QDTFT_demo.o
 .comment       0x0000000000000000       0x12 QDTFT_demo.o
 .eh_frame      0x0000000000000000      0x104 QDTFT_demo.o
 .text          0x0000000000000000        0x0 Lcd_Driver.o
 .data          0x0000000000000000        0x0 Lcd_Driver.o
 .bss           0x0000000000000000        0x0 Lcd_Driver.o
 .text.Lcd_WriteReg
                0x0000000000000000       0x50 Lcd_Driver.o
 .text.Lcd_SetXY
                0x0000000000000000       0x5c Lcd_Driver.o
 .text.Gui_DrawPoint
                0x0000000000000000       0x84 Lcd_Driver.o
 .text.Lcd_ReadPoint
                0x0000000000000000       0x60 Lcd_Driver.o
 .text.Lcd_block
                0x0000000000000000       0xe4 Lcd_Driver.o
 .eh_frame      0x0000000000000000      0x240 Lcd_Driver.o
 .text          0x0000000000000000        0x0 calIn8M.o
 .data          0x0000000000000000        0x0 calIn8M.o
 .bss           0x0000000000000000        0x0 calIn8M.o
 .text.check_clock
                0x0000000000000000       0xd0 calIn8M.o
 .rodata        0x0000000000000000       0x9e calIn8M.o
 .text.buad_test
                0x0000000000000000       0x68 calIn8M.o
 .text.test_8m_out
                0x0000000000000000       0xa0 calIn8M.o
 .text.cal_in8m_touch
                0x0000000000000000      0x204 calIn8M.o
 .text.test_cal_in8m_touch_scan
                0x0000000000000000      0x1c0 calIn8M.o
 .comment       0x0000000000000000       0x12 calIn8M.o
 .eh_frame      0x0000000000000000       0xc8 calIn8M.o
 .text          0x0000000000000000        0x0 touch.o
 .data          0x0000000000000000        0x0 touch.o
 .bss           0x0000000000000000        0x0 touch.o
 .text.ls1c102_touch_init
                0x0000000000000000       0xfc touch.o
 .rodata        0x0000000000000000       0x56 touch.o
 .text.ls102_touch_test
                0x0000000000000000       0x90 touch.o
 .text.ls102_touch_basval_init
                0x0000000000000000      0x18c touch.o
 .comment       0x0000000000000000       0x12 touch.o
 .eh_frame      0x0000000000000000       0x84 touch.o
 .text          0x0000000000000000        0x0 uartTest.o
 .data          0x0000000000000000        0x0 uartTest.o
 .bss           0x0000000000000000        0x0 uartTest.o
 .bss.g_recvCache
                0x0000000000000000      0x100 uartTest.o
 .text.recv_buf_init
                0x0000000000000000       0x5c uartTest.o
 .rodata        0x0000000000000000       0x22 uartTest.o
 .text.test_uart_recv
                0x0000000000000000       0x64 uartTest.o
 .text.test_uart_send
                0x0000000000000000       0x74 uartTest.o
 .eh_frame      0x0000000000000000       0xa8 uartTest.o
 .text          0x0000000000000000        0x0 Buffer.o
 .data          0x0000000000000000        0x0 Buffer.o
 .bss           0x0000000000000000        0x0 Buffer.o
 .text.Buffer_set
                0x0000000000000000       0x90 Buffer.o
 .text.Buffer_setReadData
                0x0000000000000000       0x94 Buffer.o
 .text.Buffer_reset
                0x0000000000000000       0x4c Buffer.o
 .text.Buffer_clear
                0x0000000000000000       0x88 Buffer.o
 .text.Buffer_canWrite
                0x0000000000000000       0x40 Buffer.o
 .text.Buffer_freeSize
                0x0000000000000000       0x44 Buffer.o
 .text.Buffer_read
                0x0000000000000000       0x98 Buffer.o
 .text.Buffer_readShort
                0x0000000000000000       0x7c Buffer.o
 .text.Buffer_readInt
                0x0000000000000000       0x74 Buffer.o
 .text.Buffer_writeShort
                0x0000000000000000       0x70 Buffer.o
 .text.Buffer_writeInt
                0x0000000000000000       0x6c Buffer.o
 .text.Buffer_charToHalfChar
                0x0000000000000000       0xa4 Buffer.o
 .text.Buffer_readHexChar
                0x0000000000000000       0xa4 Buffer.o
 .eh_frame      0x0000000000000000      0x220 Buffer.o
 .text          0x0000000000000000        0x0 main.o
 .data          0x0000000000000000        0x0 main.o
 .bss           0x0000000000000000        0x0 main.o
 .rodata        0x0000000000000000      0x59a main.o
 .text.do_exit  0x0000000000000000       0x28 main.o
 .text.do_help  0x0000000000000000      0x208 main.o
 .text.cmdline  0x0000000000000000      0xdbc main.o
 .rodata.gImage_IKUN
                0x0000000000000000      0xc80 main.o
 .text.menu_display
                0x0000000000000000       0xe4 main.o
 .text.int_to_str
                0x0000000000000000       0xc8 main.o
 .bss.num       0x0000000000000000        0x4 main.o
 .eh_frame      0x0000000000000000       0xf0 main.o
 .text          0x0000000000000000        0x0 1c102_cmd.o
 .data          0x0000000000000000        0x0 1c102_cmd.o
 .bss           0x0000000000000000        0x0 1c102_cmd.o
 .text.do_nothing
                0x0000000000000000       0x20 1c102_cmd.o
 .rodata        0x0000000000000000      0x881 1c102_cmd.o
 .text.do_d1    0x0000000000000000      0x114 1c102_cmd.o
 .text.do_d4    0x0000000000000000      0x120 1c102_cmd.o
 .text.do_m1    0x0000000000000000       0x90 1c102_cmd.o
 .text.do_m4    0x0000000000000000       0x8c 1c102_cmd.o
 .text.str2num  0x0000000000000000      0x214 1c102_cmd.o
 .text.v_play   0x0000000000000000       0xac 1c102_cmd.o
 .text.touch_reg_show
                0x0000000000000000      0x100 1c102_cmd.o
 .text.touch_value_show
                0x0000000000000000       0xd4 1c102_cmd.o
 .text.touch_test
                0x0000000000000000      0x2b4 1c102_cmd.o
 .text.hpet     0x0000000000000000      0x100 1c102_cmd.o
 .text.latimer  0x0000000000000000       0x94 1c102_cmd.o
 .text.delay    0x0000000000000000      0x104 1c102_cmd.o
 .text.wakeup   0x0000000000000000       0x90 1c102_cmd.o
 .text.a_to_n   0x0000000000000000       0x60 1c102_cmd.o
 .text.date     0x0000000000000000      0x720 1c102_cmd.o
 .text.watch_dog
                0x0000000000000000       0x84 1c102_cmd.o
 .text.i2cp     0x0000000000000000       0x4c 1c102_cmd.o
 .text.i2cw     0x0000000000000000      0x10c 1c102_cmd.o
 .text.i2cr     0x0000000000000000       0xe0 1c102_cmd.o
 .text.adc      0x0000000000000000      0x1a4 1c102_cmd.o
 .text.batdet   0x0000000000000000      0x170 1c102_cmd.o
 .text.copy     0x0000000000000000      0x190 1c102_cmd.o
 .text.uart_init
                0x0000000000000000       0xac 1c102_cmd.o
 .text.sleep    0x0000000000000000       0xa4 1c102_cmd.o
 .text.spi_init
                0x0000000000000000       0x68 1c102_cmd.o
 .text.spi_write
                0x0000000000000000      0x130 1c102_cmd.o
 .text.spi_read
                0x0000000000000000      0x170 1c102_cmd.o
 .text.spi_erase
                0x0000000000000000       0x90 1c102_cmd.o
 .text.spi_flash
                0x0000000000000000      0x254 1c102_cmd.o
 .text.gpio_int_test
                0x0000000000000000       0x94 1c102_cmd.o
 .text.gpio_int
                0x0000000000000000       0x34 1c102_cmd.o
 .text.tmp      0x0000000000000000       0x2c 1c102_cmd.o
 .text.copy_iram
                0x0000000000000000      0x138 1c102_cmd.o
 .comment       0x0000000000000000       0x12 1c102_cmd.o
 .eh_frame      0x0000000000000000      0x550 1c102_cmd.o
 .text          0x0000000000000000        0x0 1c102_Interrupt.o
 .data          0x0000000000000000        0x0 1c102_Interrupt.o
 .bss           0x0000000000000000        0x0 1c102_Interrupt.o
 .text.SOFT_INT
                0x0000000000000000       0x34 1c102_Interrupt.o
 .text.TIMER_8M_INT
                0x0000000000000000       0x44 1c102_Interrupt.o
 .eh_frame      0x0000000000000000      0x5e4 1c102_Interrupt.o
 COMMON         0x0000000000000000       0x80 1c102_Interrupt.o

Memory Configuration

Name             Origin             Length             Attributes
flash            0x000000001c000000 0x0000000000010000 r
iram             0x0000000080000000 0x0000000000001000 rw
dram             0x0000000080001000 0x0000000000001000 rw
*default*        0x0000000000000000 0xffffffffffffffff

Linker script and memory map


.text           0x000000001c000000     0x31b0
                0x000000001c000000                . = ALIGN (0x4)
 *(.text .text.*)
 .text._start   0x000000001c000000     0x1128 start.o
                0x000000001c000000                _start
                0x000000001c0000a8                cpu_wait
 .text.myputchar
                0x000000001c001128       0x3c ls1x_printf.o
                0x000000001c001128                myputchar
 .text.printbase
                0x000000001c001164      0x160 ls1x_printf.o
                0x000000001c001164                printbase
 .text.ls1x_puts
                0x000000001c0012c4       0x70 ls1x_printf.o
                0x000000001c0012c4                ls1x_puts
 .text.myprintf
                0x000000001c001334      0x3a4 ls1x_printf.o
                0x000000001c001334                myprintf
 .text.UART_SendData
                0x000000001c0016d8       0x4c ls1x_uart.o
                0x000000001c0016d8                UART_SendData
 .text.EnableInt
                0x000000001c001724       0x24 ls1x_common.o
                0x000000001c001724                EnableInt
 .text.Set_Timer_stop
                0x000000001c001748       0x20 ls1x_common.o
                0x000000001c001748                Set_Timer_stop
 .text.Set_Timer_clear
                0x000000001c001768       0x24 ls1x_common.o
                0x000000001c001768                Set_Timer_clear
 .text.gpio_init
                0x000000001c00178c       0xf8 soc_gpio.o
                0x000000001c00178c                gpio_init
 .text.gpio_write
                0x000000001c001884       0xf8 soc_gpio.o
                0x000000001c001884                gpio_write
 .text.EXTI_ClearITPendingBit
                0x000000001c00197c       0x3c ls1x_exti.o
                0x000000001c00197c                EXTI_ClearITPendingBit
 .text.WDG_DogFeed
                0x000000001c0019b8       0x2c ls1x_wdg.o
                0x000000001c0019b8                WDG_DogFeed
 .text.TIM_GetITStatus
                0x000000001c0019e4       0x4c ls1c102_ptimer.o
                0x000000001c0019e4                TIM_GetITStatus
 .text.TIM_ClearIT
                0x000000001c001a30       0x5c ls1c102_ptimer.o
                0x000000001c001a30                TIM_ClearIT
 .text.LCD_GPIO_Init
                0x000000001c001a8c       0x9c Lcd_Driver.o
                0x000000001c001a8c                LCD_GPIO_Init
 .text.SPI_WriteData
                0x000000001c001b28       0x98 Lcd_Driver.o
                0x000000001c001b28                SPI_WriteData
 .text.Lcd_WriteIndex
                0x000000001c001bc0       0x5c Lcd_Driver.o
                0x000000001c001bc0                Lcd_WriteIndex
 .text.Lcd_WriteData
                0x000000001c001c1c       0x5c Lcd_Driver.o
                0x000000001c001c1c                Lcd_WriteData
 .text.LCD_WriteData_16Bit
                0x000000001c001c78       0x78 Lcd_Driver.o
                0x000000001c001c78                LCD_WriteData_16Bit
 .text.Lcd_Reset
                0x000000001c001cf0       0x9c Lcd_Driver.o
                0x000000001c001cf0                Lcd_Reset
 .text.Lcd_Init
                0x000000001c001d8c      0x384 Lcd_Driver.o
                0x000000001c001d8c                Lcd_Init
 .text.Lcd_SetRegion
                0x000000001c002110       0xc8 Lcd_Driver.o
                0x000000001c002110                Lcd_SetRegion
 .text.Lcd_Clear
                0x000000001c0021d8       0x94 Lcd_Driver.o
                0x000000001c0021d8                Lcd_Clear
 .text.recv_dat_int
                0x000000001c00226c       0x50 uartTest.o
                0x000000001c00226c                recv_dat_int
 .text.Buffer_write
                0x000000001c0022bc       0xdc Buffer.o
                0x000000001c0022bc                Buffer_write
 .text.main     0x000000001c002398       0xc4 main.o
                0x000000001c002398                main
 .text.exti_gpioa0_irq_handler
                0x000000001c00245c       0x4c 1c102_Interrupt.o
                0x000000001c00245c                exti_gpioa0_irq_handler
 .text.exti_gpioa1_irq_handler
                0x000000001c0024a8       0x4c 1c102_Interrupt.o
                0x000000001c0024a8                exti_gpioa1_irq_handler
 .text.exti_gpioa2_irq_handler
                0x000000001c0024f4       0x4c 1c102_Interrupt.o
                0x000000001c0024f4                exti_gpioa2_irq_handler
 .text.exti_gpioa3_irq_handler
                0x000000001c002540       0x4c 1c102_Interrupt.o
                0x000000001c002540                exti_gpioa3_irq_handler
 .text.exti_gpioa4_irq_handler
                0x000000001c00258c       0x4c 1c102_Interrupt.o
                0x000000001c00258c                exti_gpioa4_irq_handler
 .text.exti_gpioa5_irq_handler
                0x000000001c0025d8       0x4c 1c102_Interrupt.o
                0x000000001c0025d8                exti_gpioa5_irq_handler
 .text.exti_gpioa6_irq_handler
                0x000000001c002624       0x4c 1c102_Interrupt.o
                0x000000001c002624                exti_gpioa6_irq_handler
 .text.exti_gpioa7_irq_handler
                0x000000001c002670       0x4c 1c102_Interrupt.o
                0x000000001c002670                exti_gpioa7_irq_handler
 .text.exti_gpiob0_irq_handler
                0x000000001c0026bc       0x4c 1c102_Interrupt.o
                0x000000001c0026bc                exti_gpiob0_irq_handler
 .text.exti_gpiob1_irq_handler
                0x000000001c002708       0x4c 1c102_Interrupt.o
                0x000000001c002708                exti_gpiob1_irq_handler
 .text.exti_gpiob2_irq_handler
                0x000000001c002754       0x4c 1c102_Interrupt.o
                0x000000001c002754                exti_gpiob2_irq_handler
 .text.exti_gpiob3_irq_handler
                0x000000001c0027a0       0x4c 1c102_Interrupt.o
                0x000000001c0027a0                exti_gpiob3_irq_handler
 .text.exti_gpiob4_irq_handler
                0x000000001c0027ec       0x4c 1c102_Interrupt.o
                0x000000001c0027ec                exti_gpiob4_irq_handler
 .text.exti_gpiob5_irq_handler
                0x000000001c002838       0x4c 1c102_Interrupt.o
                0x000000001c002838                exti_gpiob5_irq_handler
 .text.exti_gpiob6_irq_handler
                0x000000001c002884       0x4c 1c102_Interrupt.o
                0x000000001c002884                exti_gpiob6_irq_handler
 .text.exti_gpiob7_irq_handler
                0x000000001c0028d0       0x4c 1c102_Interrupt.o
                0x000000001c0028d0                exti_gpiob7_irq_handler
 .text.exti_gpioc0_irq_handler
                0x000000001c00291c       0x4c 1c102_Interrupt.o
                0x000000001c00291c                exti_gpioc0_irq_handler
 .text.exti_gpioc1_irq_handler
                0x000000001c002968       0x4c 1c102_Interrupt.o
                0x000000001c002968                exti_gpioc1_irq_handler
 .text.exti_gpioc2_irq_handler
                0x000000001c0029b4       0x4c 1c102_Interrupt.o
                0x000000001c0029b4                exti_gpioc2_irq_handler
 .text.exti_gpioc3_irq_handler
                0x000000001c002a00       0x4c 1c102_Interrupt.o
                0x000000001c002a00                exti_gpioc3_irq_handler
 .text.exti_gpioc4_irq_handler
                0x000000001c002a4c       0x4c 1c102_Interrupt.o
                0x000000001c002a4c                exti_gpioc4_irq_handler
 .text.exti_gpioc5_irq_handler
                0x000000001c002a98       0x4c 1c102_Interrupt.o
                0x000000001c002a98                exti_gpioc5_irq_handler
 .text.exti_gpioc6_irq_handler
                0x000000001c002ae4       0x4c 1c102_Interrupt.o
                0x000000001c002ae4                exti_gpioc6_irq_handler
 .text.exti_gpioc7_irq_handler
                0x000000001c002b30       0x4c 1c102_Interrupt.o
                0x000000001c002b30                exti_gpioc7_irq_handler
 .text.exti_gpiod0_irq_handler
                0x000000001c002b7c       0x4c 1c102_Interrupt.o
                0x000000001c002b7c                exti_gpiod0_irq_handler
 .text.exti_gpiod1_irq_handler
                0x000000001c002bc8       0x4c 1c102_Interrupt.o
                0x000000001c002bc8                exti_gpiod1_irq_handler
 .text.exti_gpiod2_irq_handler
                0x000000001c002c14       0x4c 1c102_Interrupt.o
                0x000000001c002c14                exti_gpiod2_irq_handler
 .text.exti_gpiod3_irq_handler
                0x000000001c002c60       0x4c 1c102_Interrupt.o
                0x000000001c002c60                exti_gpiod3_irq_handler
 .text.exti_gpiod4_irq_handler
                0x000000001c002cac       0x4c 1c102_Interrupt.o
                0x000000001c002cac                exti_gpiod4_irq_handler
 .text.exti_gpiod5_irq_handler
                0x000000001c002cf8       0x4c 1c102_Interrupt.o
                0x000000001c002cf8                exti_gpiod5_irq_handler
 .text.exti_gpiod6_irq_handler
                0x000000001c002d44       0x4c 1c102_Interrupt.o
                0x000000001c002d44                exti_gpiod6_irq_handler
 .text.exti_gpiod7_irq_handler
                0x000000001c002d90       0x4c 1c102_Interrupt.o
                0x000000001c002d90                exti_gpiod7_irq_handler
 .text.ext_handler
                0x000000001c002ddc       0xd0 1c102_Interrupt.o
                0x000000001c002ddc                ext_handler
 .text.TIMER_WAKE_INT
                0x000000001c002eac       0x48 1c102_Interrupt.o
                0x000000001c002eac                TIMER_WAKE_INT
 .text.TOUCH    0x000000001c002ef4       0x8c 1c102_Interrupt.o
                0x000000001c002ef4                TOUCH
 .text.UART2_INT
                0x000000001c002f80       0x3c 1c102_Interrupt.o
                0x000000001c002f80                UART2_INT
 .text.BAT_FAIL
                0x000000001c002fbc       0xd8 1c102_Interrupt.o
                0x000000001c002fbc                BAT_FAIL
 .text.intc_handler
                0x000000001c003094       0xe4 1c102_Interrupt.o
                0x000000001c003094                intc_handler
 .text.TIMER_HANDLER
                0x000000001c003178       0x38 1c102_Interrupt.o
                0x000000001c003178                TIMER_HANDLER
                0x000000001c0031b0                . = ALIGN (0x4)
                0x000000001c0031b0                _etext = .

.rodata         0x000000001c0031b0      0x630
                0x000000001c0031b0                . = ALIGN (0x4)
 *(.rodata .rodata.*)
 .rodata.myprintf
                0x000000001c0031b0      0x150 ls1x_printf.o
 .rodata        0x000000001c003300      0x10e 1c102_Interrupt.o
 *fill*         0x000000001c00340e        0x2 
 .rodata.Ext_IrqHandle
                0x000000001c003410       0x80 1c102_Interrupt.o
                0x000000001c003410                Ext_IrqHandle
 .rodata.BAT_FAIL
                0x000000001c003490       0x44 1c102_Interrupt.o
 .rodata.__FUNCTION__.1547
                0x000000001c0034d4       0x18 1c102_Interrupt.o
 .rodata.__FUNCTION__.1551
                0x000000001c0034ec       0x18 1c102_Interrupt.o
 .rodata.__FUNCTION__.1555
                0x000000001c003504       0x18 1c102_Interrupt.o
 .rodata.__FUNCTION__.1559
                0x000000001c00351c       0x18 1c102_Interrupt.o
 .rodata.__FUNCTION__.1563
                0x000000001c003534       0x18 1c102_Interrupt.o
 .rodata.__FUNCTION__.1567
                0x000000001c00354c       0x18 1c102_Interrupt.o
 .rodata.__FUNCTION__.1571
                0x000000001c003564       0x18 1c102_Interrupt.o
 .rodata.__FUNCTION__.1575
                0x000000001c00357c       0x18 1c102_Interrupt.o
 .rodata.__FUNCTION__.1579
                0x000000001c003594       0x18 1c102_Interrupt.o
 .rodata.__FUNCTION__.1583
                0x000000001c0035ac       0x18 1c102_Interrupt.o
 .rodata.__FUNCTION__.1587
                0x000000001c0035c4       0x18 1c102_Interrupt.o
 .rodata.__FUNCTION__.1591
                0x000000001c0035dc       0x18 1c102_Interrupt.o
 .rodata.__FUNCTION__.1595
                0x000000001c0035f4       0x18 1c102_Interrupt.o
 .rodata.__FUNCTION__.1599
                0x000000001c00360c       0x18 1c102_Interrupt.o
 .rodata.__FUNCTION__.1603
                0x000000001c003624       0x18 1c102_Interrupt.o
 .rodata.__FUNCTION__.1607
                0x000000001c00363c       0x18 1c102_Interrupt.o
 .rodata.__FUNCTION__.1611
                0x000000001c003654       0x18 1c102_Interrupt.o
 .rodata.__FUNCTION__.1615
                0x000000001c00366c       0x18 1c102_Interrupt.o
 .rodata.__FUNCTION__.1619
                0x000000001c003684       0x18 1c102_Interrupt.o
 .rodata.__FUNCTION__.1623
                0x000000001c00369c       0x18 1c102_Interrupt.o
 .rodata.__FUNCTION__.1627
                0x000000001c0036b4       0x18 1c102_Interrupt.o
 .rodata.__FUNCTION__.1631
                0x000000001c0036cc       0x18 1c102_Interrupt.o
 .rodata.__FUNCTION__.1635
                0x000000001c0036e4       0x18 1c102_Interrupt.o
 .rodata.__FUNCTION__.1639
                0x000000001c0036fc       0x18 1c102_Interrupt.o
 .rodata.__FUNCTION__.1643
                0x000000001c003714       0x18 1c102_Interrupt.o
 .rodata.__FUNCTION__.1647
                0x000000001c00372c       0x18 1c102_Interrupt.o
 .rodata.__FUNCTION__.1651
                0x000000001c003744       0x18 1c102_Interrupt.o
 .rodata.__FUNCTION__.1655
                0x000000001c00375c       0x18 1c102_Interrupt.o
 .rodata.__FUNCTION__.1659
                0x000000001c003774       0x18 1c102_Interrupt.o
 .rodata.__FUNCTION__.1663
                0x000000001c00378c       0x18 1c102_Interrupt.o
 .rodata.__FUNCTION__.1667
                0x000000001c0037a4       0x18 1c102_Interrupt.o
 .rodata.__FUNCTION__.1671
                0x000000001c0037bc       0x18 1c102_Interrupt.o
 .rodata.__FUNCTION__.1680
                0x000000001c0037d4        0xc 1c102_Interrupt.o
                0x000000001c0037e0                . = ALIGN (0x4)
                0x000000001c0037e0                _sidata = ALIGN (., 0x4)
                0x000000001c0037e0                . = ALIGN (0x4)

.rela.dyn       0x000000001c0037e0        0x0
 .rela.rodata.myprintf
                0x000000001c0037e0        0x0 start.o
 .rela.rodata.Ext_IrqHandle
                0x000000001c0037e0        0x0 start.o
 .rela.rodata.BAT_FAIL
                0x000000001c0037e0        0x0 start.o

.data           0x0000000080001000        0x0 load address 0x000000001c0037e0
                0x0000000080001000                _sdata = .
                0x0000000080001000                . = ALIGN (0x4)
 *(.got.plt)
                0x0000000080001000                . = ALIGN (0x4)
 *(.got)
                0x0000000080001000                . = ALIGN (0x4)
 *(.data .data.*)
                0x0000000080001000                . = ALIGN (0x4)
                0x0000000080001000                _edata = .

.bss            0x0000000080000000        0x0
                0x0000000080000000                _sbss = .
                0x0000000080000000                . = ALIGN (0x4)
 *(.sbss)
                0x0000000080000000                . = ALIGN (0x4)
 *(.bss)
                0x0000000080000000                . = ALIGN (0x4)
 *(.scommon)
                0x0000000080000000                . = ALIGN (0x4)
 *(COMMON)
                0x0000000080000000                . = ALIGN (0x4)
                0x0000000080000000                _ebss = .
LOAD start.o
LOAD serial.o
LOAD wakeup.o
LOAD UserGpio.o
LOAD ls1x_gpio.o
LOAD ls1x_spi.o
LOAD ls1x_printf.o
LOAD ls1x_uart.o
LOAD ls1x_clock.o
LOAD ls1x_common.o
LOAD ls1x_pmu.o
LOAD ls1x_logo.o
LOAD ls1x_latimer.o
LOAD ls1x_string.o
LOAD ls1x_flash.o
LOAD ls1x_rtc.o
LOAD soc_gpio.o
LOAD ls1x_exti.o
LOAD ls1x_wdg.o
LOAD ls1c102_vpwm.o
LOAD ls1c102_i2c.o
LOAD GUI.o
LOAD ls1c102_touch.o
LOAD ls1c102_ptimer.o
LOAD QDTFT_demo.o
LOAD Lcd_Driver.o
LOAD calIn8M.o
LOAD touch.o
LOAD uartTest.o
LOAD Buffer.o
LOAD main.o
LOAD 1c102_cmd.o
LOAD 1c102_Interrupt.o
OUTPUT(1c102_demo.elf elf32-loongarch)

.bss.g_recv_flag
                0x0000000080000000        0x4
 .bss.g_recv_flag
                0x0000000080000000        0x4 uartTest.o

.bss.g_recvBuff
                0x0000000080000004       0x14
 .bss.g_recvBuff
                0x0000000080000004       0x14 uartTest.o

.comment        0x0000000000000000       0x11
 .comment       0x0000000000000000       0x11 ls1x_printf.o
                                         0x12 (size before relaxing)
 .comment       0x0000000000000011       0x12 ls1x_uart.o
 .comment       0x0000000000000011       0x12 ls1x_common.o
 .comment       0x0000000000000011       0x12 soc_gpio.o
 .comment       0x0000000000000011       0x12 ls1x_exti.o
 .comment       0x0000000000000011       0x12 ls1x_wdg.o
 .comment       0x0000000000000011       0x12 ls1c102_ptimer.o
 .comment       0x0000000000000011       0x12 Lcd_Driver.o
 .comment       0x0000000000000011       0x12 uartTest.o
 .comment       0x0000000000000011       0x12 Buffer.o
 .comment       0x0000000000000011       0x12 main.o
 .comment       0x0000000000000011       0x12 1c102_Interrupt.o
